// Jest Snapshot v1, https://goo.gl/fbAQLP

exports[`Captura del componente Tabla.jsx Fotico: 1`] = `
<div>
  <div>
    Zzz
  </div>
  <div>
    Table
  </div>
</div>
`;
